// Jest Snapshot v1, https://goo.gl/fbAQLP

exports[`Given a TabBar component When calling it Then it will match the snapshot 1`] = `
<View
  style={
    Object {
      "alignItems": "center",
      "bottom": 1,
      "justifyContent": "center",
      "position": "absolute",
      "width": 750,
    }
  }
>
  <View
    style={
      Object {
        "backgroundColor": "#FFFFFF",
        "elevation": 4,
        "flexDirection": "row",
        "justifyContent": "space-between",
        "shadowColor": "#000",
        "shadowOffset": Object {
          "height": 2,
          "width": 0,
        },
        "shadowOpacity": 0.23,
        "shadowRadius": 2.62,
        "width": "100%",
      }
    }
  >
    <View
      accessible={true}
      focusable={true}
      onClick={[Function]}
      onResponderGrant={[Function]}
      onResponderMove={[Function]}
      onResponderRelease={[Function]}
      onResponderTerminate={[Function]}
      onResponderTerminationRequest={[Function]}
      onStartShouldSetResponder={[Function]}
      style={
        Object {
          "alignItems": "center",
          "flex": 1,
          "height": 50,
          "justifyContent": "center",
          "opacity": 1,
          "padding": 5,
        }
      }
      testID="tabContainer"
    >
      <Text />
    </View>
    <View
      accessible={true}
      focusable={true}
      onClick={[Function]}
      onResponderGrant={[Function]}
      onResponderMove={[Function]}
      onResponderRelease={[Function]}
      onResponderTerminate={[Function]}
      onResponderTerminationRequest={[Function]}
      onStartShouldSetResponder={[Function]}
      style={
        Object {
          "alignItems": "center",
          "flex": 1,
          "height": 50,
          "justifyContent": "center",
          "opacity": 1,
          "padding": 5,
        }
      }
      testID="tabContainer"
    >
      <Text />
    </View>
    <View
      accessible={true}
      focusable={true}
      onClick={[Function]}
      onResponderGrant={[Function]}
      onResponderMove={[Function]}
      onResponderRelease={[Function]}
      onResponderTerminate={[Function]}
      onResponderTerminationRequest={[Function]}
      onStartShouldSetResponder={[Function]}
      style={
        Object {
          "alignItems": "center",
          "flex": 1,
          "height": 50,
          "justifyContent": "center",
          "opacity": 1,
          "padding": 5,
        }
      }
      testID="tabContainer"
    >
      <Text />
    </View>
  </View>
</View>
`;
